// Jest Snapshot v1, https://goo.gl/fbAQLP

exports[`product reviews component spec renders correctly as snapshot 1`] = `
<div
  className="myRetail-reviews"
>
  <div
    className="myRetail-reviews__overall"
  >
    <div>
      <span
        className="MyRetail-rating"
      >
        <span
          className="star star--selected"
        >
          ★
        </span>
        <span
          className="star star--selected"
        >
          ★
        </span>
        <span
          className="star star--selected"
        >
          ★
        </span>
        <span
          className="star star--selected"
        >
          ★
        </span>
        <span
          className="star star--selected"
        >
          ★
        </span>
      </span>
       
      <span>
        overall
      </span>
    </div>
    <div>
      <a
        href=""
      >
        view all 
        6
         Reviews
      </a>
    </div>
  </div>
  <div
    className="myRetail-reviews__container myRetail-reviews__container--top row"
  >
    <div
      className="col-xs-6"
    >
      <div
        className="myRetail-reviews__header"
      >
        Pro
      </div>
      <div
        className="myRetail-reviews__subhead"
      >
        most helpfull 4-5 star reveiws
      </div>
    </div>
    <div
      className="col-xs-6"
    >
      <div
        className="myRetail-reviews__header"
      >
        Con
      </div>
      <div
        className="myRetail-reviews__subhead"
      >
        most helpfull 1-2 star reveiws
      </div>
    </div>
  </div>
  <hr />
  <div
    className="myRetail-reviews__container row"
  >
    <div
      className="col-xs-6"
    >
      <div
        className="myRetail-reviews__rating"
      >
        <span
          className="MyRetail-rating"
        >
          <span
            className="star star--selected"
          >
            ★
          </span>
          <span
            className="star star--selected"
          >
            ★
          </span>
          <span
            className="star star--selected"
          >
            ★
          </span>
          <span
            className="star star--selected"
          >
            ★
          </span>
          <span
            className="star"
          >
            ★
          </span>
        </span>
      </div>
      <div
        className="myRetail-reviews__title"
      >
        really good stuff
      </div>
      <div
        className="myRetail-reviews__body"
      >
        I really liked it
      </div>
      <div
        className="myRetail-reviews__footer"
      >
        <span>
          <a
            href=""
          >
            joe good
          </a>
        </span>
        <span>
          July 6, 2016
        </span>
      </div>
    </div>
    <div
      className="col-xs-6"
    >
      <div
        className="myRetail-reviews__rating"
      >
        <span
          className="MyRetail-rating"
        >
          <span
            className="star star--selected"
          >
            ★
          </span>
          <span
            className="star"
          >
            ★
          </span>
          <span
            className="star"
          >
            ★
          </span>
          <span
            className="star"
          >
            ★
          </span>
          <span
            className="star"
          >
            ★
          </span>
        </span>
      </div>
      <div
        className="myRetail-reviews__title"
      >
        really bad stuff
      </div>
      <div
        className="myRetail-reviews__body"
      >
        It was horrible
      </div>
      <div
        className="myRetail-reviews__footer"
      >
        <span>
          <a
            href=""
          >
            sally bad
          </a>
        </span>
        <span>
          June 16, 2016
        </span>
      </div>
    </div>
  </div>
</div>
`;
